// Vitest Snapshot v1, https://vitest.dev/guide/snapshot.html

exports[`ContactPage > renders correctly 1`] = `
<div>
  <section
    class="flex flex-col items-center justify-center gap-4 py-8 md:py-10"
  >
    <div
      class="inline-block max-w-lg justify-center text-center"
    >
      <h1
        class="inline font-semibold tracking-tight text-[2.3rem] leading-9 lg:text-5xl"
      >
        Contact
      </h1>
      <div
        class="my-2 block w-full max-w-full text-lg text-default-600 md:w-1/2 lg:text-xl !w-full mt-4"
      >
        Coming soon...
      </div>
    </div>
  </section>
</div>
`;
