// Vitest Snapshot v1, https://vitest.dev/guide/snapshot.html

exports[`useJsonPlaceholder > should fetch data from jsonPlaceholderService 1`] = `undefined`;
